---
source: web/book/tests/documentation/book.rs
expression: "from employees_1\nintersect employees_2\n"
---
SELECT * FROM employees_1
INTERSECT ALL
SELECT * FROM employees_2
