---
source: web/book/tests/documentation/book.rs
expression: "from employees\nsort {age, -tenure, +salary}\n"
---
SELECT * FROM employees ORDER BY age ASC, tenure DESC, salary ASC
