---
source: web/book/tests/documentation/book.rs
expression: "from employees_1\nremove employees_2\n"
---
SELECT * FROM employees_1
EXCEPT ALL
SELECT * FROM employees_2
